// Jest Snapshot v1, https://goo.gl/fbAQLP

exports[`Box component It should match snapshot 1`] = `
<div>
  <div
    class="css-1xghscp"
  >
    <div
      class="cardImage"
    >
      <img
        class="chakra-image css-jus48v"
      />
    </div>
    <div
      class="textDetail"
    >
      <p
        class="chakra-text css-bbk83b"
      />
      <b
        class="chakra-text css-1ulx5am"
      >
        Learn more 
        <svg
          class="chakra-icon css-12pgzdw"
          focusable="false"
          viewBox="0 0 24 24"
        >
          <g
            fill="currentColor"
          >
            <path
              d="M13.584,12a2.643,2.643,0,0,1-.775,1.875L3.268,23.416a1.768,1.768,0,0,1-2.5-2.5l8.739-8.739a.25.25,0,0,0,0-.354L.768,3.084a1.768,1.768,0,0,1,2.5-2.5l9.541,9.541A2.643,2.643,0,0,1,13.584,12Z"
            />
            <path
              d="M23.75,12a2.643,2.643,0,0,1-.775,1.875l-9.541,9.541a1.768,1.768,0,0,1-2.5-2.5l8.739-8.739a.25.25,0,0,0,0-.354L10.934,3.084a1.768,1.768,0,0,1,2.5-2.5l9.541,9.541A2.643,2.643,0,0,1,23.75,12Z"
            />
          </g>
        </svg>
      </b>
    </div>
  </div>
</div>
`;
